[1.853s] DEBUG:colcon:Command line arguments: ['/usr/bin/colcon', 'build']
[1.855s] DEBUG:colcon:Parsed command line arguments: Namespace(log_base=None, log_level=None, verb_name='build', build_base='build', install_base='install', merge_install=False, symlink_install=False, test_result_base=None, continue_on_error=False, executor='parallel', parallel_workers=12, event_handlers=None, ignore_user_meta=False, metas=['./colcon.meta'], base_paths=['.'], packages_ignore=None, packages_ignore_regex=None, paths=None, packages_up_to=None, packages_up_to_regex=None, packages_above=None, packages_above_and_dependencies=None, packages_above_depth=None, packages_select_by_dep=None, packages_skip_by_dep=None, packages_skip_up_to=None, packages_select_build_failed=False, packages_skip_build_finished=False, packages_select_test_failures=False, packages_skip_test_passed=False, packages_select=None, packages_skip=None, packages_select_regex=None, packages_skip_regex=None, packages_start=None, packages_end=None, allow_overriding=[], cmake_args=None, cmake_target=None, cmake_target_skip_unavailable=False, cmake_clean_cache=False, cmake_clean_first=False, cmake_force_configure=False, ament_cmake_args=None, catkin_cmake_args=None, catkin_skip_building_tests=False, mixin_files=None, mixin=None, verb_parser=<colcon_mixin.mixin.mixin_argument.MixinArgumentDecorator object at 0x7e0d6a3b42b0>, verb_extension=<colcon_core.verb.build.BuildVerb object at 0x7e0d6a3b4580>, main=<bound method BuildVerb.main of <colcon_core.verb.build.BuildVerb object at 0x7e0d6a3b4580>>, mixin_verb=('build',))
[3.542s] Level 1:colcon.colcon_core.package_discovery:discover_packages(colcon_meta) check parameters
[3.544s] Level 1:colcon.colcon_core.package_discovery:discover_packages(recursive) check parameters
[3.545s] Level 1:colcon.colcon_core.package_discovery:discover_packages(ignore) check parameters
[3.547s] Level 1:colcon.colcon_core.package_discovery:discover_packages(path) check parameters
[3.548s] Level 1:colcon.colcon_core.package_discovery:discover_packages(colcon_meta) discover
[3.550s] Level 1:colcon.colcon_core.package_discovery:discover_packages(recursive) discover
[3.552s] INFO:colcon.colcon_core.package_discovery:Crawling recursively for packages in '/mnt/c/KM/SEN0311/ros_node'
[3.558s] Level 1:colcon.colcon_core.package_identification:_identify(.) by extensions ['ignore', 'ignore_ament_install']
[3.559s] Level 1:colcon.colcon_core.package_identification:_identify(.) by extension 'ignore'
[3.561s] Level 1:colcon.colcon_core.package_identification:_identify(.) by extension 'ignore_ament_install'
[3.564s] Level 1:colcon.colcon_core.package_identification:_identify(.) by extensions ['colcon_pkg']
[3.566s] Level 1:colcon.colcon_core.package_identification:_identify(.) by extension 'colcon_pkg'
[3.568s] Level 1:colcon.colcon_core.package_identification:_identify(.) by extensions ['colcon_meta']
[3.570s] Level 1:colcon.colcon_core.package_identification:_identify(.) by extension 'colcon_meta'
[3.571s] Level 1:colcon.colcon_core.package_identification:_identify(.) by extensions ['ros']
[3.573s] Level 1:colcon.colcon_core.package_identification:_identify(.) by extension 'ros'
[3.623s] Level 1:colcon.colcon_core.package_identification:_identify(.) by extensions ['cmake', 'python']
[3.625s] Level 1:colcon.colcon_core.package_identification:_identify(.) by extension 'cmake'
[3.627s] Level 1:colcon.colcon_core.package_identification:_identify(.) by extension 'python'
[3.629s] Level 1:colcon.colcon_core.package_identification:_identify(.) by extensions ['python_setup_py']
[3.630s] Level 1:colcon.colcon_core.package_identification:_identify(.) by extension 'python_setup_py'
[3.640s] Level 1:colcon.colcon_core.package_identification:_identify(build) by extensions ['ignore', 'ignore_ament_install']
[3.642s] Level 1:colcon.colcon_core.package_identification:_identify(build) by extension 'ignore'
[3.647s] Level 1:colcon.colcon_core.package_identification:_identify(build) ignored
[3.656s] Level 1:colcon.colcon_core.package_identification:_identify(install) by extensions ['ignore', 'ignore_ament_install']
[3.657s] Level 1:colcon.colcon_core.package_identification:_identify(install) by extension 'ignore'
[3.662s] Level 1:colcon.colcon_core.package_identification:_identify(install) ignored
[3.676s] Level 1:colcon.colcon_core.package_identification:_identify(log) by extensions ['ignore', 'ignore_ament_install']
[3.678s] Level 1:colcon.colcon_core.package_identification:_identify(log) by extension 'ignore'
[3.681s] Level 1:colcon.colcon_core.package_identification:_identify(log) ignored
[3.691s] Level 1:colcon.colcon_core.package_identification:_identify(sen0311_driver) by extensions ['ignore', 'ignore_ament_install']
[3.692s] Level 1:colcon.colcon_core.package_identification:_identify(sen0311_driver) by extension 'ignore'
[3.696s] Level 1:colcon.colcon_core.package_identification:_identify(sen0311_driver) by extension 'ignore_ament_install'
[3.705s] Level 1:colcon.colcon_core.package_identification:_identify(sen0311_driver) by extensions ['colcon_pkg']
[3.708s] Level 1:colcon.colcon_core.package_identification:_identify(sen0311_driver) by extension 'colcon_pkg'
[3.719s] Level 1:colcon.colcon_core.package_identification:_identify(sen0311_driver) by extensions ['colcon_meta']
[3.722s] Level 1:colcon.colcon_core.package_identification:_identify(sen0311_driver) by extension 'colcon_meta'
[3.729s] Level 1:colcon.colcon_core.package_identification:_identify(sen0311_driver) by extensions ['ros']
[3.731s] Level 1:colcon.colcon_core.package_identification:_identify(sen0311_driver) by extension 'ros'
[3.799s] DEBUG:colcon.colcon_core.package_identification:Package 'sen0311_driver' with type 'ros.ament_python' and name 'sen0311_driver'
[3.800s] Level 1:colcon.colcon_core.package_discovery:discover_packages(recursive) using defaults
[3.802s] Level 1:colcon.colcon_core.package_discovery:discover_packages(ignore) discover
[3.803s] Level 1:colcon.colcon_core.package_discovery:discover_packages(ignore) using defaults
[3.804s] Level 1:colcon.colcon_core.package_discovery:discover_packages(path) discover
[3.806s] Level 1:colcon.colcon_core.package_discovery:discover_packages(path) using defaults
[4.153s] Level 1:colcon.colcon_core.package_discovery:discover_packages(prefix_path) check parameters
[4.154s] Level 1:colcon.colcon_core.package_discovery:discover_packages(prefix_path) discover
[4.298s] DEBUG:colcon.colcon_installed_package_information.package_discovery:Found 1 installed packages in /mnt/c/KM/SEN0311/ros_node/install
[4.412s] DEBUG:colcon.colcon_installed_package_information.package_discovery:Found 1 installed packages in /mnt/c/KM/ROS2-Sensor-Nodes-RVZ/install
[4.424s] DEBUG:colcon.colcon_installed_package_information.package_discovery:Found 377 installed packages in /opt/ros/humble
[4.429s] Level 1:colcon.colcon_core.package_discovery:discover_packages(prefix_path) using defaults
[4.894s] Level 5:colcon.colcon_core.verb:set package 'sen0311_driver' build argument 'cmake_args' from command line to 'None'
[4.896s] Level 5:colcon.colcon_core.verb:set package 'sen0311_driver' build argument 'cmake_target' from command line to 'None'
[4.897s] Level 5:colcon.colcon_core.verb:set package 'sen0311_driver' build argument 'cmake_target_skip_unavailable' from command line to 'False'
[4.898s] Level 5:colcon.colcon_core.verb:set package 'sen0311_driver' build argument 'cmake_clean_cache' from command line to 'False'
[4.899s] Level 5:colcon.colcon_core.verb:set package 'sen0311_driver' build argument 'cmake_clean_first' from command line to 'False'
[4.901s] Level 5:colcon.colcon_core.verb:set package 'sen0311_driver' build argument 'cmake_force_configure' from command line to 'False'
[4.902s] Level 5:colcon.colcon_core.verb:set package 'sen0311_driver' build argument 'ament_cmake_args' from command line to 'None'
[4.903s] Level 5:colcon.colcon_core.verb:set package 'sen0311_driver' build argument 'catkin_cmake_args' from command line to 'None'
[4.904s] Level 5:colcon.colcon_core.verb:set package 'sen0311_driver' build argument 'catkin_skip_building_tests' from command line to 'False'
[4.905s] DEBUG:colcon.colcon_core.verb:Building package 'sen0311_driver' with the following arguments: {'ament_cmake_args': None, 'build_base': '/mnt/c/KM/SEN0311/ros_node/build/sen0311_driver', 'catkin_cmake_args': None, 'catkin_skip_building_tests': False, 'cmake_args': None, 'cmake_clean_cache': False, 'cmake_clean_first': False, 'cmake_force_configure': False, 'cmake_target': None, 'cmake_target_skip_unavailable': False, 'install_base': '/mnt/c/KM/SEN0311/ros_node/install/sen0311_driver', 'merge_install': False, 'path': '/mnt/c/KM/SEN0311/ros_node/sen0311_driver', 'symlink_install': False, 'test_result_base': None}
[4.907s] INFO:colcon.colcon_core.executor:Executing jobs using 'parallel' executor
[4.912s] DEBUG:colcon.colcon_parallel_executor.executor.parallel:run_until_complete
[4.913s] INFO:colcon.colcon_ros.task.ament_python.build:Building ROS package in '/mnt/c/KM/SEN0311/ros_node/sen0311_driver' with build type 'ament_python'
[4.914s] Level 1:colcon.colcon_core.shell:create_environment_hook('sen0311_driver', 'ament_prefix_path')
[4.963s] INFO:colcon.colcon_core.plugin_system:Skipping extension 'colcon_core.shell.bat': Not used on non-Windows systems
[4.964s] INFO:colcon.colcon_core.shell:Creating environment hook '/mnt/c/KM/SEN0311/ros_node/install/sen0311_driver/share/sen0311_driver/hook/ament_prefix_path.ps1'
[5.019s] INFO:colcon.colcon_core.shell:Creating environment descriptor '/mnt/c/KM/SEN0311/ros_node/install/sen0311_driver/share/sen0311_driver/hook/ament_prefix_path.dsv'
[5.073s] INFO:colcon.colcon_core.shell:Creating environment hook '/mnt/c/KM/SEN0311/ros_node/install/sen0311_driver/share/sen0311_driver/hook/ament_prefix_path.sh'
[5.117s] INFO:colcon.colcon_core.shell:Skip shell extension 'powershell' for command environment: Not usable outside of PowerShell
[5.118s] DEBUG:colcon.colcon_core.shell:Skip shell extension 'dsv' for command environment
[8.628s] INFO:colcon.colcon_core.task.python.build:Building Python package in '/mnt/c/KM/SEN0311/ros_node/sen0311_driver'
[8.630s] INFO:colcon.colcon_core.shell:Skip shell extension 'powershell' for command environment: Not usable outside of PowerShell
[8.632s] DEBUG:colcon.colcon_core.shell:Skip shell extension 'dsv' for command environment
[14.065s] DEBUG:colcon.colcon_core.task.python.build:Available setuptools commands: bdist_dumb, install_lib, install_headers, install, register, build, symlink_data, bdist, setopt, upload, rotate, build_ext, develop, build_py, bdist_rpm, egg_info, check, saveopts, update_catalog, build_scripts, compile_catalog, clean, install_data, test, install_egg_info, init_catalog, upload_docs, build_clib, install_scripts, bdist_egg, alias, dist_info, easy_install, extract_messages, sdist
[14.138s] DEBUG:colcon.colcon_core.event_handler.log_command:Invoking command in '/mnt/c/KM/SEN0311/ros_node/sen0311_driver': PYTHONPATH=/mnt/c/KM/SEN0311/ros_node/build/sen0311_driver/prefix_override:/usr/lib/python3/dist-packages/colcon_core/task/python/colcon_distutils_commands:/mnt/c/KM/SEN0311/ros_node/install/sen0311_driver/lib/python3.10/site-packages:${PYTHONPATH} /usr/bin/python3 -W ignore:setup.py install is deprecated -W ignore:easy_install command is deprecated setup.py egg_info --egg-base ../build/sen0311_driver build --build-base /mnt/c/KM/SEN0311/ros_node/build/sen0311_driver/build install --record /mnt/c/KM/SEN0311/ros_node/build/sen0311_driver/install.log --install-scripts $base/lib/sen0311_driver --single-version-externally-managed install_data
[20.768s] DEBUG:colcon.colcon_core.event_handler.log_command:Invoked command in '/mnt/c/KM/SEN0311/ros_node/sen0311_driver' returned '0': PYTHONPATH=/mnt/c/KM/SEN0311/ros_node/build/sen0311_driver/prefix_override:/usr/lib/python3/dist-packages/colcon_core/task/python/colcon_distutils_commands:/mnt/c/KM/SEN0311/ros_node/install/sen0311_driver/lib/python3.10/site-packages:${PYTHONPATH} /usr/bin/python3 -W ignore:setup.py install is deprecated -W ignore:easy_install command is deprecated setup.py egg_info --egg-base ../build/sen0311_driver build --build-base /mnt/c/KM/SEN0311/ros_node/build/sen0311_driver/build install --record /mnt/c/KM/SEN0311/ros_node/build/sen0311_driver/install.log --install-scripts $base/lib/sen0311_driver --single-version-externally-managed install_data
[20.823s] Level 1:colcon.colcon_core.environment:checking '/mnt/c/KM/SEN0311/ros_node/install/sen0311_driver' for CMake module files
[20.987s] Level 1:colcon.colcon_core.environment:checking '/mnt/c/KM/SEN0311/ros_node/install/sen0311_driver' for CMake config files
[21.251s] Level 1:colcon.colcon_core.environment:checking '/mnt/c/KM/SEN0311/ros_node/install/sen0311_driver/lib'
[21.262s] Level 1:colcon.colcon_core.environment:checking '/mnt/c/KM/SEN0311/ros_node/install/sen0311_driver/bin'
[21.267s] Level 1:colcon.colcon_core.environment:checking '/mnt/c/KM/SEN0311/ros_node/install/sen0311_driver/lib/pkgconfig/sen0311_driver.pc'
[21.274s] Level 1:colcon.colcon_core.environment:checking '/mnt/c/KM/SEN0311/ros_node/install/sen0311_driver/lib/python3.10/site-packages'
[21.283s] Level 1:colcon.colcon_core.shell:create_environment_hook('sen0311_driver', 'pythonpath')
[21.285s] INFO:colcon.colcon_core.shell:Creating environment hook '/mnt/c/KM/SEN0311/ros_node/install/sen0311_driver/share/sen0311_driver/hook/pythonpath.ps1'
[21.328s] INFO:colcon.colcon_core.shell:Creating environment descriptor '/mnt/c/KM/SEN0311/ros_node/install/sen0311_driver/share/sen0311_driver/hook/pythonpath.dsv'
[21.369s] INFO:colcon.colcon_core.shell:Creating environment hook '/mnt/c/KM/SEN0311/ros_node/install/sen0311_driver/share/sen0311_driver/hook/pythonpath.sh'
[21.414s] Level 1:colcon.colcon_core.environment:checking '/mnt/c/KM/SEN0311/ros_node/install/sen0311_driver/bin'
[21.419s] Level 1:colcon.colcon_core.environment:create_environment_scripts_only(sen0311_driver)
[21.421s] INFO:colcon.colcon_core.shell:Creating package script '/mnt/c/KM/SEN0311/ros_node/install/sen0311_driver/share/sen0311_driver/package.ps1'
[21.474s] INFO:colcon.colcon_core.shell:Creating package descriptor '/mnt/c/KM/SEN0311/ros_node/install/sen0311_driver/share/sen0311_driver/package.dsv'
[21.511s] INFO:colcon.colcon_core.shell:Creating package script '/mnt/c/KM/SEN0311/ros_node/install/sen0311_driver/share/sen0311_driver/package.sh'
[21.550s] INFO:colcon.colcon_core.shell:Creating package script '/mnt/c/KM/SEN0311/ros_node/install/sen0311_driver/share/sen0311_driver/package.bash'
[21.592s] INFO:colcon.colcon_core.shell:Creating package script '/mnt/c/KM/SEN0311/ros_node/install/sen0311_driver/share/sen0311_driver/package.zsh'
[21.632s] Level 1:colcon.colcon_core.environment:create_file_with_runtime_dependencies(/mnt/c/KM/SEN0311/ros_node/install/sen0311_driver/share/colcon-core/packages/sen0311_driver)
[21.664s] DEBUG:colcon.colcon_parallel_executor.executor.parallel:closing loop
[21.667s] DEBUG:colcon.colcon_parallel_executor.executor.parallel:loop closed
[21.668s] DEBUG:colcon.colcon_parallel_executor.executor.parallel:run_until_complete finished with '0'
[21.670s] DEBUG:colcon.colcon_core.event_reactor:joining thread
[21.927s] INFO:colcon.colcon_core.plugin_system:Skipping extension 'colcon_notification.desktop_notification.notify_send': Could not find 'notify-send'
[21.929s] INFO:colcon.colcon_core.plugin_system:Skipping extension 'colcon_notification.desktop_notification.terminal_notifier': Not used on non-Darwin systems
[21.930s] INFO:colcon.colcon_core.plugin_system:Skipping extension 'colcon_notification.desktop_notification.win32': Not used on non-Windows systems
[21.932s] INFO:colcon.colcon_notification.desktop_notification:Sending desktop notification using 'notify2'
[22.020s] DEBUG:colcon.colcon_notification.desktop_notification.notify2:Failed to initialize notify2: org.freedesktop.DBus.Error.ServiceUnknown: The name org.freedesktop.Notifications was not provided by any .service files
[22.022s] DEBUG:colcon.colcon_core.event_reactor:joined thread
[22.024s] INFO:colcon.colcon_core.shell:Creating prefix script '/mnt/c/KM/SEN0311/ros_node/install/local_setup.ps1'
[22.044s] INFO:colcon.colcon_core.shell:Creating prefix util module '/mnt/c/KM/SEN0311/ros_node/install/_local_setup_util_ps1.py'
[22.068s] INFO:colcon.colcon_core.shell:Creating prefix chain script '/mnt/c/KM/SEN0311/ros_node/install/setup.ps1'
[22.135s] INFO:colcon.colcon_core.shell:Creating prefix script '/mnt/c/KM/SEN0311/ros_node/install/local_setup.sh'
[22.155s] INFO:colcon.colcon_core.shell:Creating prefix util module '/mnt/c/KM/SEN0311/ros_node/install/_local_setup_util_sh.py'
[22.175s] INFO:colcon.colcon_core.shell:Creating prefix chain script '/mnt/c/KM/SEN0311/ros_node/install/setup.sh'
[22.260s] INFO:colcon.colcon_core.shell:Creating prefix script '/mnt/c/KM/SEN0311/ros_node/install/local_setup.bash'
[22.281s] INFO:colcon.colcon_core.shell:Creating prefix chain script '/mnt/c/KM/SEN0311/ros_node/install/setup.bash'
[22.344s] INFO:colcon.colcon_core.shell:Creating prefix script '/mnt/c/KM/SEN0311/ros_node/install/local_setup.zsh'
[22.361s] INFO:colcon.colcon_core.shell:Creating prefix chain script '/mnt/c/KM/SEN0311/ros_node/install/setup.zsh'
