[1.006s] DEBUG:colcon:Command line arguments: ['/usr/bin/colcon', 'build']
[1.007s] DEBUG:colcon:Parsed command line arguments: Namespace(log_base=None, log_level=None, verb_name='build', build_base='build', install_base='install', merge_install=False, symlink_install=False, test_result_base=None, continue_on_error=False, executor='parallel', parallel_workers=12, event_handlers=None, ignore_user_meta=False, metas=['./colcon.meta'], base_paths=['.'], packages_ignore=None, packages_ignore_regex=None, paths=None, packages_up_to=None, packages_up_to_regex=None, packages_above=None, packages_above_and_dependencies=None, packages_above_depth=None, packages_select_by_dep=None, packages_skip_by_dep=None, packages_skip_up_to=None, packages_select_build_failed=False, packages_skip_build_finished=False, packages_select_test_failures=False, packages_skip_test_passed=False, packages_select=None, packages_skip=None, packages_select_regex=None, packages_skip_regex=None, packages_start=None, packages_end=None, allow_overriding=[], cmake_args=None, cmake_target=None, cmake_target_skip_unavailable=False, cmake_clean_cache=False, cmake_clean_first=False, cmake_force_configure=False, ament_cmake_args=None, catkin_cmake_args=None, catkin_skip_building_tests=False, mixin_files=None, mixin=None, verb_parser=<colcon_mixin.mixin.mixin_argument.MixinArgumentDecorator object at 0x7b8a237769e0>, verb_extension=<colcon_core.verb.build.BuildVerb object at 0x7b8a237752d0>, main=<bound method BuildVerb.main of <colcon_core.verb.build.BuildVerb object at 0x7b8a237752d0>>, mixin_verb=('build',))
[1.838s] Level 1:colcon.colcon_core.package_discovery:discover_packages(colcon_meta) check parameters
[1.841s] Level 1:colcon.colcon_core.package_discovery:discover_packages(recursive) check parameters
[1.842s] Level 1:colcon.colcon_core.package_discovery:discover_packages(ignore) check parameters
[1.843s] Level 1:colcon.colcon_core.package_discovery:discover_packages(path) check parameters
[1.844s] Level 1:colcon.colcon_core.package_discovery:discover_packages(colcon_meta) discover
[1.846s] Level 1:colcon.colcon_core.package_discovery:discover_packages(recursive) discover
[1.847s] INFO:colcon.colcon_core.package_discovery:Crawling recursively for packages in '/mnt/c/KM/SEN0311/ros_node'
[1.852s] Level 1:colcon.colcon_core.package_identification:_identify(.) by extensions ['ignore', 'ignore_ament_install']
[1.853s] Level 1:colcon.colcon_core.package_identification:_identify(.) by extension 'ignore'
[1.855s] Level 1:colcon.colcon_core.package_identification:_identify(.) by extension 'ignore_ament_install'
[1.857s] Level 1:colcon.colcon_core.package_identification:_identify(.) by extensions ['colcon_pkg']
[1.859s] Level 1:colcon.colcon_core.package_identification:_identify(.) by extension 'colcon_pkg'
[1.860s] Level 1:colcon.colcon_core.package_identification:_identify(.) by extensions ['colcon_meta']
[1.862s] Level 1:colcon.colcon_core.package_identification:_identify(.) by extension 'colcon_meta'
[1.863s] Level 1:colcon.colcon_core.package_identification:_identify(.) by extensions ['ros']
[1.864s] Level 1:colcon.colcon_core.package_identification:_identify(.) by extension 'ros'
[1.902s] Level 1:colcon.colcon_core.package_identification:_identify(.) by extensions ['cmake', 'python']
[1.903s] Level 1:colcon.colcon_core.package_identification:_identify(.) by extension 'cmake'
[1.905s] Level 1:colcon.colcon_core.package_identification:_identify(.) by extension 'python'
[1.907s] Level 1:colcon.colcon_core.package_identification:_identify(.) by extensions ['python_setup_py']
[1.908s] Level 1:colcon.colcon_core.package_identification:_identify(.) by extension 'python_setup_py'
[1.916s] Level 1:colcon.colcon_core.package_identification:_identify(build) by extensions ['ignore', 'ignore_ament_install']
[1.918s] Level 1:colcon.colcon_core.package_identification:_identify(build) by extension 'ignore'
[1.922s] Level 1:colcon.colcon_core.package_identification:_identify(build) ignored
[1.929s] Level 1:colcon.colcon_core.package_identification:_identify(install) by extensions ['ignore', 'ignore_ament_install']
[1.930s] Level 1:colcon.colcon_core.package_identification:_identify(install) by extension 'ignore'
[1.934s] Level 1:colcon.colcon_core.package_identification:_identify(install) ignored
[1.945s] Level 1:colcon.colcon_core.package_identification:_identify(log) by extensions ['ignore', 'ignore_ament_install']
[1.946s] Level 1:colcon.colcon_core.package_identification:_identify(log) by extension 'ignore'
[1.949s] Level 1:colcon.colcon_core.package_identification:_identify(log) ignored
[1.958s] Level 1:colcon.colcon_core.package_identification:_identify(sen0311_driver) by extensions ['ignore', 'ignore_ament_install']
[1.960s] Level 1:colcon.colcon_core.package_identification:_identify(sen0311_driver) by extension 'ignore'
[1.963s] Level 1:colcon.colcon_core.package_identification:_identify(sen0311_driver) by extension 'ignore_ament_install'
[1.967s] Level 1:colcon.colcon_core.package_identification:_identify(sen0311_driver) by extensions ['colcon_pkg']
[1.969s] Level 1:colcon.colcon_core.package_identification:_identify(sen0311_driver) by extension 'colcon_pkg'
[1.972s] Level 1:colcon.colcon_core.package_identification:_identify(sen0311_driver) by extensions ['colcon_meta']
[1.973s] Level 1:colcon.colcon_core.package_identification:_identify(sen0311_driver) by extension 'colcon_meta'
[1.976s] Level 1:colcon.colcon_core.package_identification:_identify(sen0311_driver) by extensions ['ros']
[1.977s] Level 1:colcon.colcon_core.package_identification:_identify(sen0311_driver) by extension 'ros'
[2.009s] DEBUG:colcon.colcon_core.package_identification:Package 'sen0311_driver' with type 'ros.ament_python' and name 'sen0311_driver'
[2.010s] Level 1:colcon.colcon_core.package_discovery:discover_packages(recursive) using defaults
[2.012s] Level 1:colcon.colcon_core.package_discovery:discover_packages(ignore) discover
[2.013s] Level 1:colcon.colcon_core.package_discovery:discover_packages(ignore) using defaults
[2.014s] Level 1:colcon.colcon_core.package_discovery:discover_packages(path) discover
[2.015s] Level 1:colcon.colcon_core.package_discovery:discover_packages(path) using defaults
[2.116s] Level 1:colcon.colcon_core.package_discovery:discover_packages(prefix_path) check parameters
[2.118s] Level 1:colcon.colcon_core.package_discovery:discover_packages(prefix_path) discover
[2.133s] DEBUG:colcon.colcon_installed_package_information.package_discovery:Found 377 installed packages in /opt/ros/humble
[2.138s] Level 1:colcon.colcon_core.package_discovery:discover_packages(prefix_path) using defaults
[2.472s] Level 5:colcon.colcon_core.verb:set package 'sen0311_driver' build argument 'cmake_args' from command line to 'None'
[2.474s] Level 5:colcon.colcon_core.verb:set package 'sen0311_driver' build argument 'cmake_target' from command line to 'None'
[2.475s] Level 5:colcon.colcon_core.verb:set package 'sen0311_driver' build argument 'cmake_target_skip_unavailable' from command line to 'False'
[2.476s] Level 5:colcon.colcon_core.verb:set package 'sen0311_driver' build argument 'cmake_clean_cache' from command line to 'False'
[2.477s] Level 5:colcon.colcon_core.verb:set package 'sen0311_driver' build argument 'cmake_clean_first' from command line to 'False'
[2.479s] Level 5:colcon.colcon_core.verb:set package 'sen0311_driver' build argument 'cmake_force_configure' from command line to 'False'
[2.480s] Level 5:colcon.colcon_core.verb:set package 'sen0311_driver' build argument 'ament_cmake_args' from command line to 'None'
[2.481s] Level 5:colcon.colcon_core.verb:set package 'sen0311_driver' build argument 'catkin_cmake_args' from command line to 'None'
[2.482s] Level 5:colcon.colcon_core.verb:set package 'sen0311_driver' build argument 'catkin_skip_building_tests' from command line to 'False'
[2.483s] DEBUG:colcon.colcon_core.verb:Building package 'sen0311_driver' with the following arguments: {'ament_cmake_args': None, 'build_base': '/mnt/c/KM/SEN0311/ros_node/build/sen0311_driver', 'catkin_cmake_args': None, 'catkin_skip_building_tests': False, 'cmake_args': None, 'cmake_clean_cache': False, 'cmake_clean_first': False, 'cmake_force_configure': False, 'cmake_target': None, 'cmake_target_skip_unavailable': False, 'install_base': '/mnt/c/KM/SEN0311/ros_node/install/sen0311_driver', 'merge_install': False, 'path': '/mnt/c/KM/SEN0311/ros_node/sen0311_driver', 'symlink_install': False, 'test_result_base': None}
[2.484s] INFO:colcon.colcon_core.executor:Executing jobs using 'parallel' executor
[2.488s] DEBUG:colcon.colcon_parallel_executor.executor.parallel:run_until_complete
[2.490s] INFO:colcon.colcon_ros.task.ament_python.build:Building ROS package in '/mnt/c/KM/SEN0311/ros_node/sen0311_driver' with build type 'ament_python'
[2.491s] Level 1:colcon.colcon_core.shell:create_environment_hook('sen0311_driver', 'ament_prefix_path')
[2.513s] INFO:colcon.colcon_core.plugin_system:Skipping extension 'colcon_core.shell.bat': Not used on non-Windows systems
[2.515s] INFO:colcon.colcon_core.shell:Creating environment hook '/mnt/c/KM/SEN0311/ros_node/install/sen0311_driver/share/sen0311_driver/hook/ament_prefix_path.ps1'
[2.564s] INFO:colcon.colcon_core.shell:Creating environment descriptor '/mnt/c/KM/SEN0311/ros_node/install/sen0311_driver/share/sen0311_driver/hook/ament_prefix_path.dsv'
[2.598s] INFO:colcon.colcon_core.shell:Creating environment hook '/mnt/c/KM/SEN0311/ros_node/install/sen0311_driver/share/sen0311_driver/hook/ament_prefix_path.sh'
[2.651s] INFO:colcon.colcon_core.shell:Skip shell extension 'powershell' for command environment: Not usable outside of PowerShell
[2.653s] DEBUG:colcon.colcon_core.shell:Skip shell extension 'dsv' for command environment
[3.493s] INFO:colcon.colcon_core.task.python.build:Building Python package in '/mnt/c/KM/SEN0311/ros_node/sen0311_driver'
[3.495s] INFO:colcon.colcon_core.shell:Skip shell extension 'powershell' for command environment: Not usable outside of PowerShell
[3.496s] DEBUG:colcon.colcon_core.shell:Skip shell extension 'dsv' for command environment
[7.223s] DEBUG:colcon.colcon_core.task.python.build:Available setuptools commands: bdist_rpm, check, init_catalog, dist_info, bdist_dumb, upload, setopt, saveopts, install_headers, sdist, build_clib, clean, easy_install, egg_info, update_catalog, install_scripts, install_data, register, develop, build_py, bdist, upload_docs, compile_catalog, alias, symlink_data, build_ext, build_scripts, install_egg_info, rotate, build, install_lib, extract_messages, test, install, bdist_egg
[7.296s] DEBUG:colcon.colcon_core.event_handler.log_command:Invoking command in '/mnt/c/KM/SEN0311/ros_node/sen0311_driver': PYTHONPATH=/mnt/c/KM/SEN0311/ros_node/build/sen0311_driver/prefix_override:/usr/lib/python3/dist-packages/colcon_core/task/python/colcon_distutils_commands:/mnt/c/KM/SEN0311/ros_node/install/sen0311_driver/lib/python3.10/site-packages:${PYTHONPATH} /usr/bin/python3 -W ignore:setup.py install is deprecated -W ignore:easy_install command is deprecated setup.py egg_info --egg-base ../build/sen0311_driver build --build-base /mnt/c/KM/SEN0311/ros_node/build/sen0311_driver/build install --record /mnt/c/KM/SEN0311/ros_node/build/sen0311_driver/install.log --install-scripts $base/lib/sen0311_driver --single-version-externally-managed install_data
[12.099s] DEBUG:colcon.colcon_core.event_handler.log_command:Invoked command in '/mnt/c/KM/SEN0311/ros_node/sen0311_driver' returned '0': PYTHONPATH=/mnt/c/KM/SEN0311/ros_node/build/sen0311_driver/prefix_override:/usr/lib/python3/dist-packages/colcon_core/task/python/colcon_distutils_commands:/mnt/c/KM/SEN0311/ros_node/install/sen0311_driver/lib/python3.10/site-packages:${PYTHONPATH} /usr/bin/python3 -W ignore:setup.py install is deprecated -W ignore:easy_install command is deprecated setup.py egg_info --egg-base ../build/sen0311_driver build --build-base /mnt/c/KM/SEN0311/ros_node/build/sen0311_driver/build install --record /mnt/c/KM/SEN0311/ros_node/build/sen0311_driver/install.log --install-scripts $base/lib/sen0311_driver --single-version-externally-managed install_data
[12.115s] Level 1:colcon.colcon_core.environment:checking '/mnt/c/KM/SEN0311/ros_node/install/sen0311_driver' for CMake module files
[12.232s] Level 1:colcon.colcon_core.environment:checking '/mnt/c/KM/SEN0311/ros_node/install/sen0311_driver' for CMake config files
[12.427s] Level 1:colcon.colcon_core.environment:checking '/mnt/c/KM/SEN0311/ros_node/install/sen0311_driver/lib'
[12.436s] Level 1:colcon.colcon_core.environment:checking '/mnt/c/KM/SEN0311/ros_node/install/sen0311_driver/bin'
[12.439s] Level 1:colcon.colcon_core.environment:checking '/mnt/c/KM/SEN0311/ros_node/install/sen0311_driver/lib/pkgconfig/sen0311_driver.pc'
[12.444s] Level 1:colcon.colcon_core.environment:checking '/mnt/c/KM/SEN0311/ros_node/install/sen0311_driver/lib/python3.10/site-packages'
[12.449s] Level 1:colcon.colcon_core.shell:create_environment_hook('sen0311_driver', 'pythonpath')
[12.451s] INFO:colcon.colcon_core.shell:Creating environment hook '/mnt/c/KM/SEN0311/ros_node/install/sen0311_driver/share/sen0311_driver/hook/pythonpath.ps1'
[12.483s] INFO:colcon.colcon_core.shell:Creating environment descriptor '/mnt/c/KM/SEN0311/ros_node/install/sen0311_driver/share/sen0311_driver/hook/pythonpath.dsv'
[12.523s] INFO:colcon.colcon_core.shell:Creating environment hook '/mnt/c/KM/SEN0311/ros_node/install/sen0311_driver/share/sen0311_driver/hook/pythonpath.sh'
[12.556s] Level 1:colcon.colcon_core.environment:checking '/mnt/c/KM/SEN0311/ros_node/install/sen0311_driver/bin'
[12.560s] Level 1:colcon.colcon_core.environment:create_environment_scripts_only(sen0311_driver)
[12.562s] INFO:colcon.colcon_core.shell:Creating package script '/mnt/c/KM/SEN0311/ros_node/install/sen0311_driver/share/sen0311_driver/package.ps1'
[12.590s] INFO:colcon.colcon_core.shell:Creating package descriptor '/mnt/c/KM/SEN0311/ros_node/install/sen0311_driver/share/sen0311_driver/package.dsv'
[12.618s] INFO:colcon.colcon_core.shell:Creating package script '/mnt/c/KM/SEN0311/ros_node/install/sen0311_driver/share/sen0311_driver/package.sh'
[12.659s] INFO:colcon.colcon_core.shell:Creating package script '/mnt/c/KM/SEN0311/ros_node/install/sen0311_driver/share/sen0311_driver/package.bash'
[12.687s] INFO:colcon.colcon_core.shell:Creating package script '/mnt/c/KM/SEN0311/ros_node/install/sen0311_driver/share/sen0311_driver/package.zsh'
[12.716s] Level 1:colcon.colcon_core.environment:create_file_with_runtime_dependencies(/mnt/c/KM/SEN0311/ros_node/install/sen0311_driver/share/colcon-core/packages/sen0311_driver)
[12.745s] DEBUG:colcon.colcon_parallel_executor.executor.parallel:closing loop
[12.747s] DEBUG:colcon.colcon_parallel_executor.executor.parallel:loop closed
[12.748s] DEBUG:colcon.colcon_parallel_executor.executor.parallel:run_until_complete finished with '0'
[12.750s] DEBUG:colcon.colcon_core.event_reactor:joining thread
[12.963s] INFO:colcon.colcon_core.plugin_system:Skipping extension 'colcon_notification.desktop_notification.notify_send': Could not find 'notify-send'
[12.965s] INFO:colcon.colcon_core.plugin_system:Skipping extension 'colcon_notification.desktop_notification.terminal_notifier': Not used on non-Darwin systems
[12.967s] INFO:colcon.colcon_core.plugin_system:Skipping extension 'colcon_notification.desktop_notification.win32': Not used on non-Windows systems
[12.968s] INFO:colcon.colcon_notification.desktop_notification:Sending desktop notification using 'notify2'
[13.105s] DEBUG:colcon.colcon_notification.desktop_notification.notify2:Failed to initialize notify2: org.freedesktop.DBus.Error.ServiceUnknown: The name org.freedesktop.Notifications was not provided by any .service files
[13.107s] DEBUG:colcon.colcon_core.event_reactor:joined thread
[13.109s] INFO:colcon.colcon_core.shell:Creating prefix script '/mnt/c/KM/SEN0311/ros_node/install/local_setup.ps1'
[13.128s] INFO:colcon.colcon_core.shell:Creating prefix util module '/mnt/c/KM/SEN0311/ros_node/install/_local_setup_util_ps1.py'
[13.148s] INFO:colcon.colcon_core.shell:Creating prefix chain script '/mnt/c/KM/SEN0311/ros_node/install/setup.ps1'
[13.165s] INFO:colcon.colcon_core.shell:Creating prefix script '/mnt/c/KM/SEN0311/ros_node/install/local_setup.sh'
[13.181s] INFO:colcon.colcon_core.shell:Creating prefix util module '/mnt/c/KM/SEN0311/ros_node/install/_local_setup_util_sh.py'
[13.196s] INFO:colcon.colcon_core.shell:Creating prefix chain script '/mnt/c/KM/SEN0311/ros_node/install/setup.sh'
[13.213s] INFO:colcon.colcon_core.shell:Creating prefix script '/mnt/c/KM/SEN0311/ros_node/install/local_setup.bash'
[13.228s] INFO:colcon.colcon_core.shell:Creating prefix chain script '/mnt/c/KM/SEN0311/ros_node/install/setup.bash'
[13.244s] INFO:colcon.colcon_core.shell:Creating prefix script '/mnt/c/KM/SEN0311/ros_node/install/local_setup.zsh'
[13.260s] INFO:colcon.colcon_core.shell:Creating prefix chain script '/mnt/c/KM/SEN0311/ros_node/install/setup.zsh'
