[1.144s] DEBUG:colcon:Command line arguments: ['/usr/bin/colcon', 'build']
[1.146s] DEBUG:colcon:Parsed command line arguments: Namespace(log_base=None, log_level=None, verb_name='build', build_base='build', install_base='install', merge_install=False, symlink_install=False, test_result_base=None, continue_on_error=False, executor='parallel', parallel_workers=12, event_handlers=None, ignore_user_meta=False, metas=['./colcon.meta'], base_paths=['.'], packages_ignore=None, packages_ignore_regex=None, paths=None, packages_up_to=None, packages_up_to_regex=None, packages_above=None, packages_above_and_dependencies=None, packages_above_depth=None, packages_select_by_dep=None, packages_skip_by_dep=None, packages_skip_up_to=None, packages_select_build_failed=False, packages_skip_build_finished=False, packages_select_test_failures=False, packages_skip_test_passed=False, packages_select=None, packages_skip=None, packages_select_regex=None, packages_skip_regex=None, packages_start=None, packages_end=None, allow_overriding=[], cmake_args=None, cmake_target=None, cmake_target_skip_unavailable=False, cmake_clean_cache=False, cmake_clean_first=False, cmake_force_configure=False, ament_cmake_args=None, catkin_cmake_args=None, catkin_skip_building_tests=False, mixin_files=None, mixin=None, verb_parser=<colcon_mixin.mixin.mixin_argument.MixinArgumentDecorator object at 0x7655aec6e9e0>, verb_extension=<colcon_core.verb.build.BuildVerb object at 0x7655aec6d2d0>, main=<bound method BuildVerb.main of <colcon_core.verb.build.BuildVerb object at 0x7655aec6d2d0>>, mixin_verb=('build',))
[2.160s] Level 1:colcon.colcon_core.package_discovery:discover_packages(colcon_meta) check parameters
[2.163s] Level 1:colcon.colcon_core.package_discovery:discover_packages(recursive) check parameters
[2.164s] Level 1:colcon.colcon_core.package_discovery:discover_packages(ignore) check parameters
[2.165s] Level 1:colcon.colcon_core.package_discovery:discover_packages(path) check parameters
[2.166s] Level 1:colcon.colcon_core.package_discovery:discover_packages(colcon_meta) discover
[2.168s] Level 1:colcon.colcon_core.package_discovery:discover_packages(recursive) discover
[2.169s] INFO:colcon.colcon_core.package_discovery:Crawling recursively for packages in '/mnt/c/KM/SEN0311/ros_node'
[2.174s] Level 1:colcon.colcon_core.package_identification:_identify(.) by extensions ['ignore', 'ignore_ament_install']
[2.176s] Level 1:colcon.colcon_core.package_identification:_identify(.) by extension 'ignore'
[2.177s] Level 1:colcon.colcon_core.package_identification:_identify(.) by extension 'ignore_ament_install'
[2.180s] Level 1:colcon.colcon_core.package_identification:_identify(.) by extensions ['colcon_pkg']
[2.181s] Level 1:colcon.colcon_core.package_identification:_identify(.) by extension 'colcon_pkg'
[2.184s] Level 1:colcon.colcon_core.package_identification:_identify(.) by extensions ['colcon_meta']
[2.186s] Level 1:colcon.colcon_core.package_identification:_identify(.) by extension 'colcon_meta'
[2.187s] Level 1:colcon.colcon_core.package_identification:_identify(.) by extensions ['ros']
[2.189s] Level 1:colcon.colcon_core.package_identification:_identify(.) by extension 'ros'
[2.222s] Level 1:colcon.colcon_core.package_identification:_identify(.) by extensions ['cmake', 'python']
[2.223s] Level 1:colcon.colcon_core.package_identification:_identify(.) by extension 'cmake'
[2.226s] Level 1:colcon.colcon_core.package_identification:_identify(.) by extension 'python'
[2.227s] Level 1:colcon.colcon_core.package_identification:_identify(.) by extensions ['python_setup_py']
[2.229s] Level 1:colcon.colcon_core.package_identification:_identify(.) by extension 'python_setup_py'
[2.240s] Level 1:colcon.colcon_core.package_identification:_identify(build) by extensions ['ignore', 'ignore_ament_install']
[2.241s] Level 1:colcon.colcon_core.package_identification:_identify(build) by extension 'ignore'
[2.246s] Level 1:colcon.colcon_core.package_identification:_identify(build) ignored
[2.255s] Level 1:colcon.colcon_core.package_identification:_identify(install) by extensions ['ignore', 'ignore_ament_install']
[2.257s] Level 1:colcon.colcon_core.package_identification:_identify(install) by extension 'ignore'
[2.262s] Level 1:colcon.colcon_core.package_identification:_identify(install) ignored
[2.276s] Level 1:colcon.colcon_core.package_identification:_identify(log) by extensions ['ignore', 'ignore_ament_install']
[2.277s] Level 1:colcon.colcon_core.package_identification:_identify(log) by extension 'ignore'
[2.281s] Level 1:colcon.colcon_core.package_identification:_identify(log) ignored
[2.291s] Level 1:colcon.colcon_core.package_identification:_identify(sen0311_driver) by extensions ['ignore', 'ignore_ament_install']
[2.293s] Level 1:colcon.colcon_core.package_identification:_identify(sen0311_driver) by extension 'ignore'
[2.296s] Level 1:colcon.colcon_core.package_identification:_identify(sen0311_driver) by extension 'ignore_ament_install'
[2.302s] Level 1:colcon.colcon_core.package_identification:_identify(sen0311_driver) by extensions ['colcon_pkg']
[2.303s] Level 1:colcon.colcon_core.package_identification:_identify(sen0311_driver) by extension 'colcon_pkg'
[2.307s] Level 1:colcon.colcon_core.package_identification:_identify(sen0311_driver) by extensions ['colcon_meta']
[2.308s] Level 1:colcon.colcon_core.package_identification:_identify(sen0311_driver) by extension 'colcon_meta'
[2.311s] Level 1:colcon.colcon_core.package_identification:_identify(sen0311_driver) by extensions ['ros']
[2.313s] Level 1:colcon.colcon_core.package_identification:_identify(sen0311_driver) by extension 'ros'
[2.349s] DEBUG:colcon.colcon_core.package_identification:Package 'sen0311_driver' with type 'ros.ament_python' and name 'sen0311_driver'
[2.350s] Level 1:colcon.colcon_core.package_discovery:discover_packages(recursive) using defaults
[2.352s] Level 1:colcon.colcon_core.package_discovery:discover_packages(ignore) discover
[2.353s] Level 1:colcon.colcon_core.package_discovery:discover_packages(ignore) using defaults
[2.355s] Level 1:colcon.colcon_core.package_discovery:discover_packages(path) discover
[2.356s] Level 1:colcon.colcon_core.package_discovery:discover_packages(path) using defaults
[2.474s] Level 1:colcon.colcon_core.package_discovery:discover_packages(prefix_path) check parameters
[2.476s] Level 1:colcon.colcon_core.package_discovery:discover_packages(prefix_path) discover
[2.497s] DEBUG:colcon.colcon_installed_package_information.package_discovery:Found 377 installed packages in /opt/ros/humble
[2.503s] Level 1:colcon.colcon_core.package_discovery:discover_packages(prefix_path) using defaults
[2.896s] Level 5:colcon.colcon_core.verb:set package 'sen0311_driver' build argument 'cmake_args' from command line to 'None'
[2.897s] Level 5:colcon.colcon_core.verb:set package 'sen0311_driver' build argument 'cmake_target' from command line to 'None'
[2.898s] Level 5:colcon.colcon_core.verb:set package 'sen0311_driver' build argument 'cmake_target_skip_unavailable' from command line to 'False'
[2.899s] Level 5:colcon.colcon_core.verb:set package 'sen0311_driver' build argument 'cmake_clean_cache' from command line to 'False'
[2.900s] Level 5:colcon.colcon_core.verb:set package 'sen0311_driver' build argument 'cmake_clean_first' from command line to 'False'
[2.901s] Level 5:colcon.colcon_core.verb:set package 'sen0311_driver' build argument 'cmake_force_configure' from command line to 'False'
[2.902s] Level 5:colcon.colcon_core.verb:set package 'sen0311_driver' build argument 'ament_cmake_args' from command line to 'None'
[2.904s] Level 5:colcon.colcon_core.verb:set package 'sen0311_driver' build argument 'catkin_cmake_args' from command line to 'None'
[2.905s] Level 5:colcon.colcon_core.verb:set package 'sen0311_driver' build argument 'catkin_skip_building_tests' from command line to 'False'
[2.906s] DEBUG:colcon.colcon_core.verb:Building package 'sen0311_driver' with the following arguments: {'ament_cmake_args': None, 'build_base': '/mnt/c/KM/SEN0311/ros_node/build/sen0311_driver', 'catkin_cmake_args': None, 'catkin_skip_building_tests': False, 'cmake_args': None, 'cmake_clean_cache': False, 'cmake_clean_first': False, 'cmake_force_configure': False, 'cmake_target': None, 'cmake_target_skip_unavailable': False, 'install_base': '/mnt/c/KM/SEN0311/ros_node/install/sen0311_driver', 'merge_install': False, 'path': '/mnt/c/KM/SEN0311/ros_node/sen0311_driver', 'symlink_install': False, 'test_result_base': None}
[2.907s] INFO:colcon.colcon_core.executor:Executing jobs using 'parallel' executor
[2.913s] DEBUG:colcon.colcon_parallel_executor.executor.parallel:run_until_complete
[2.915s] INFO:colcon.colcon_ros.task.ament_python.build:Building ROS package in '/mnt/c/KM/SEN0311/ros_node/sen0311_driver' with build type 'ament_python'
[2.916s] Level 1:colcon.colcon_core.shell:create_environment_hook('sen0311_driver', 'ament_prefix_path')
[2.934s] INFO:colcon.colcon_core.plugin_system:Skipping extension 'colcon_core.shell.bat': Not used on non-Windows systems
[2.936s] INFO:colcon.colcon_core.shell:Creating environment hook '/mnt/c/KM/SEN0311/ros_node/install/sen0311_driver/share/sen0311_driver/hook/ament_prefix_path.ps1'
[2.983s] INFO:colcon.colcon_core.shell:Creating environment descriptor '/mnt/c/KM/SEN0311/ros_node/install/sen0311_driver/share/sen0311_driver/hook/ament_prefix_path.dsv'
[3.040s] INFO:colcon.colcon_core.shell:Creating environment hook '/mnt/c/KM/SEN0311/ros_node/install/sen0311_driver/share/sen0311_driver/hook/ament_prefix_path.sh'
[3.089s] INFO:colcon.colcon_core.shell:Skip shell extension 'powershell' for command environment: Not usable outside of PowerShell
[3.090s] DEBUG:colcon.colcon_core.shell:Skip shell extension 'dsv' for command environment
[3.882s] INFO:colcon.colcon_core.task.python.build:Building Python package in '/mnt/c/KM/SEN0311/ros_node/sen0311_driver'
[3.884s] INFO:colcon.colcon_core.shell:Skip shell extension 'powershell' for command environment: Not usable outside of PowerShell
[3.886s] DEBUG:colcon.colcon_core.shell:Skip shell extension 'dsv' for command environment
[7.719s] DEBUG:colcon.colcon_core.task.python.build:Available setuptools commands: build, install_data, upload_docs, upload, setopt, register, install_egg_info, build_clib, install, extract_messages, bdist_rpm, alias, easy_install, check, symlink_data, init_catalog, update_catalog, install_lib, bdist_egg, test, compile_catalog, install_headers, saveopts, build_ext, rotate, build_scripts, build_py, develop, clean, bdist_dumb, egg_info, sdist, bdist, dist_info, install_scripts
[7.808s] DEBUG:colcon.colcon_core.event_handler.log_command:Invoking command in '/mnt/c/KM/SEN0311/ros_node/sen0311_driver': PYTHONPATH=/mnt/c/KM/SEN0311/ros_node/build/sen0311_driver/prefix_override:/usr/lib/python3/dist-packages/colcon_core/task/python/colcon_distutils_commands:/mnt/c/KM/SEN0311/ros_node/install/sen0311_driver/lib/python3.10/site-packages:${PYTHONPATH} /usr/bin/python3 -W ignore:setup.py install is deprecated -W ignore:easy_install command is deprecated setup.py egg_info --egg-base ../build/sen0311_driver build --build-base /mnt/c/KM/SEN0311/ros_node/build/sen0311_driver/build install --record /mnt/c/KM/SEN0311/ros_node/build/sen0311_driver/install.log --install-scripts $base/lib/sen0311_driver --single-version-externally-managed install_data
[12.931s] DEBUG:colcon.colcon_core.event_handler.log_command:Invoked command in '/mnt/c/KM/SEN0311/ros_node/sen0311_driver' returned '0': PYTHONPATH=/mnt/c/KM/SEN0311/ros_node/build/sen0311_driver/prefix_override:/usr/lib/python3/dist-packages/colcon_core/task/python/colcon_distutils_commands:/mnt/c/KM/SEN0311/ros_node/install/sen0311_driver/lib/python3.10/site-packages:${PYTHONPATH} /usr/bin/python3 -W ignore:setup.py install is deprecated -W ignore:easy_install command is deprecated setup.py egg_info --egg-base ../build/sen0311_driver build --build-base /mnt/c/KM/SEN0311/ros_node/build/sen0311_driver/build install --record /mnt/c/KM/SEN0311/ros_node/build/sen0311_driver/install.log --install-scripts $base/lib/sen0311_driver --single-version-externally-managed install_data
[12.939s] Level 1:colcon.colcon_core.environment:checking '/mnt/c/KM/SEN0311/ros_node/install/sen0311_driver' for CMake module files
[13.120s] Level 1:colcon.colcon_core.environment:checking '/mnt/c/KM/SEN0311/ros_node/install/sen0311_driver' for CMake config files
[13.424s] Level 1:colcon.colcon_core.environment:checking '/mnt/c/KM/SEN0311/ros_node/install/sen0311_driver/lib'
[13.439s] Level 1:colcon.colcon_core.environment:checking '/mnt/c/KM/SEN0311/ros_node/install/sen0311_driver/bin'
[13.445s] Level 1:colcon.colcon_core.environment:checking '/mnt/c/KM/SEN0311/ros_node/install/sen0311_driver/lib/pkgconfig/sen0311_driver.pc'
[13.453s] Level 1:colcon.colcon_core.environment:checking '/mnt/c/KM/SEN0311/ros_node/install/sen0311_driver/lib/python3.10/site-packages'
[13.462s] Level 1:colcon.colcon_core.shell:create_environment_hook('sen0311_driver', 'pythonpath')
[13.464s] INFO:colcon.colcon_core.shell:Creating environment hook '/mnt/c/KM/SEN0311/ros_node/install/sen0311_driver/share/sen0311_driver/hook/pythonpath.ps1'
[13.515s] INFO:colcon.colcon_core.shell:Creating environment descriptor '/mnt/c/KM/SEN0311/ros_node/install/sen0311_driver/share/sen0311_driver/hook/pythonpath.dsv'
[13.571s] INFO:colcon.colcon_core.shell:Creating environment hook '/mnt/c/KM/SEN0311/ros_node/install/sen0311_driver/share/sen0311_driver/hook/pythonpath.sh'
[13.623s] Level 1:colcon.colcon_core.environment:checking '/mnt/c/KM/SEN0311/ros_node/install/sen0311_driver/bin'
[13.628s] Level 1:colcon.colcon_core.environment:create_environment_scripts_only(sen0311_driver)
[13.631s] INFO:colcon.colcon_core.shell:Creating package script '/mnt/c/KM/SEN0311/ros_node/install/sen0311_driver/share/sen0311_driver/package.ps1'
[13.680s] INFO:colcon.colcon_core.shell:Creating package descriptor '/mnt/c/KM/SEN0311/ros_node/install/sen0311_driver/share/sen0311_driver/package.dsv'
[13.724s] INFO:colcon.colcon_core.shell:Creating package script '/mnt/c/KM/SEN0311/ros_node/install/sen0311_driver/share/sen0311_driver/package.sh'
[13.766s] INFO:colcon.colcon_core.shell:Creating package script '/mnt/c/KM/SEN0311/ros_node/install/sen0311_driver/share/sen0311_driver/package.bash'
[13.809s] INFO:colcon.colcon_core.shell:Creating package script '/mnt/c/KM/SEN0311/ros_node/install/sen0311_driver/share/sen0311_driver/package.zsh'
[13.848s] Level 1:colcon.colcon_core.environment:create_file_with_runtime_dependencies(/mnt/c/KM/SEN0311/ros_node/install/sen0311_driver/share/colcon-core/packages/sen0311_driver)
[13.882s] DEBUG:colcon.colcon_parallel_executor.executor.parallel:closing loop
[13.884s] DEBUG:colcon.colcon_parallel_executor.executor.parallel:loop closed
[13.886s] DEBUG:colcon.colcon_parallel_executor.executor.parallel:run_until_complete finished with '0'
[13.887s] DEBUG:colcon.colcon_core.event_reactor:joining thread
[14.118s] INFO:colcon.colcon_core.plugin_system:Skipping extension 'colcon_notification.desktop_notification.notify_send': Could not find 'notify-send'
[14.120s] INFO:colcon.colcon_core.plugin_system:Skipping extension 'colcon_notification.desktop_notification.terminal_notifier': Not used on non-Darwin systems
[14.121s] INFO:colcon.colcon_core.plugin_system:Skipping extension 'colcon_notification.desktop_notification.win32': Not used on non-Windows systems
[14.123s] INFO:colcon.colcon_notification.desktop_notification:Sending desktop notification using 'notify2'
[14.194s] DEBUG:colcon.colcon_notification.desktop_notification.notify2:Failed to initialize notify2: org.freedesktop.DBus.Error.ServiceUnknown: The name org.freedesktop.Notifications was not provided by any .service files
[14.196s] DEBUG:colcon.colcon_core.event_reactor:joined thread
[14.199s] INFO:colcon.colcon_core.shell:Creating prefix script '/mnt/c/KM/SEN0311/ros_node/install/local_setup.ps1'
[14.220s] INFO:colcon.colcon_core.shell:Creating prefix util module '/mnt/c/KM/SEN0311/ros_node/install/_local_setup_util_ps1.py'
[14.245s] INFO:colcon.colcon_core.shell:Creating prefix chain script '/mnt/c/KM/SEN0311/ros_node/install/setup.ps1'
[14.265s] INFO:colcon.colcon_core.shell:Creating prefix script '/mnt/c/KM/SEN0311/ros_node/install/local_setup.sh'
[14.284s] INFO:colcon.colcon_core.shell:Creating prefix util module '/mnt/c/KM/SEN0311/ros_node/install/_local_setup_util_sh.py'
[14.303s] INFO:colcon.colcon_core.shell:Creating prefix chain script '/mnt/c/KM/SEN0311/ros_node/install/setup.sh'
[14.324s] INFO:colcon.colcon_core.shell:Creating prefix script '/mnt/c/KM/SEN0311/ros_node/install/local_setup.bash'
[14.342s] INFO:colcon.colcon_core.shell:Creating prefix chain script '/mnt/c/KM/SEN0311/ros_node/install/setup.bash'
[14.365s] INFO:colcon.colcon_core.shell:Creating prefix script '/mnt/c/KM/SEN0311/ros_node/install/local_setup.zsh'
[14.384s] INFO:colcon.colcon_core.shell:Creating prefix chain script '/mnt/c/KM/SEN0311/ros_node/install/setup.zsh'
